{
  "version": "1.5.0",
  "plugins_used": [
    {
      "name": "ArtifactoryDetector"
    },
    {
      "name": "AWSKeyDetector"
    },
    {
      "name": "Base64HighEntropyString",
      "limit": 4.5
    },
    {
      "name": "BasicAuthDetector"
    },
    {
      "name": "CloudantDetector"
    },
    {
      "name": "HexHighEntropyString",
      "limit": 3.0
    },
    {
      "name": "IbmCloudIamDetector"
    },
    {
      "name": "IbmCosHmacDetector"
    },
    {
      "name": "JwtTokenDetector"
    },
    {
      "name": "KeywordDetector",
      "keyword_exclude": ""
    },
    {
      "name": "MailchimpDetector"
    },
    {
      "name": "PrivateKeyDetector"
    },
    {
      "name": "SlackDetector"
    },
    {
      "name": "SoftlayerDetector"
    },
    {
      "name": "SquareOAuthDetector"
    },
    {
      "name": "StripeDetector"
    },
    {
      "name": "TwilioKeyDetector"
    }
  ],
  "filters_used": [
    {
      "path": "detect_secrets.filters.allowlist.is_line_allowlisted"
    },
    {
      "path": "detect_secrets.filters.common.is_baseline_file",
      "filename": ".secrets.baseline"
    },
    {
      "path": "detect_secrets.filters.common.is_ignored_due_to_verification_policies",
      "min_level": 2
    },
    {
      "path": "detect_secrets.filters.heuristic.is_indirect_reference"
    },
    {
      "path": "detect_secrets.filters.heuristic.is_likely_id_string"
    },
    {
      "path": "detect_secrets.filters.heuristic.is_lock_file"
    },
    {
      "path": "detect_secrets.filters.heuristic.is_not_alphanumeric_string"
    },
    {
      "path": "detect_secrets.filters.heuristic.is_swagger_file"
    },
    {
      "path": "detect_secrets.filters.heuristic.is_templated_secret"
    }
  ],
  "results": {
    ".github/workflows/ci.yml": [
      {
        "type": "Secret Keyword",
        "filename": ".github/workflows/ci.yml",
        "hashed_secret": "dfab2e513122494cf5b02fe39b8ea2a31fce02a5",
        "is_verified": false,
        "line_number": 117
      },
      {
        "type": "Secret Keyword",
        "filename": ".github/workflows/ci.yml",
        "hashed_secret": "5092d0fe898efbbf83947a261471c1407210b69b",
        "is_verified": false,
        "line_number": 119
      },
      {
        "type": "Base64 High Entropy String",
        "filename": ".github/workflows/ci.yml",
        "hashed_secret": "8fa631ca4fda221798a8be5733a2148106cb9720",
        "is_verified": false,
        "line_number": 119
      },
      {
        "type": "Base64 High Entropy String",
        "filename": ".github/workflows/ci.yml",
        "hashed_secret": "dcbf95dbf48f2f8cc5ba11a9b3383cc79603faa0",
        "is_verified": false,
        "line_number": 119
      }
    ],
    "ARCHIVE/legacy_agents/action_agents.py": [
      {
        "type": "Secret Keyword",
        "filename": "ARCHIVE/legacy_agents/action_agents.py",
        "hashed_secret": "29b8dca3de5ff27bcf8bd3b622adf9970f29381c",
        "is_verified": false,
        "line_number": 429
      }
    ],
    "ARCHIVE/old_orchestration/real_dev_agents.py": [
      {
        "type": "Basic Auth Credentials",
        "filename": "ARCHIVE/old_orchestration/real_dev_agents.py",
        "hashed_secret": "5baa61e4c9b93f3f0682250b6cf8331b7ee68fd8",
        "is_verified": false,
        "line_number": 581
      }
    ],
    "ARCHIVE/old_orchestration/sprint_1_6_orchestrator.py": [
      {
        "type": "Secret Keyword",
        "filename": "ARCHIVE/old_orchestration/sprint_1_6_orchestrator.py",
        "hashed_secret": "4c83ff2aca6b6ff50d5d680a16d7cf6936b5e632",
        "is_verified": false,
        "line_number": 183
      }
    ],
    "agents/specialists/devops_agent.py": [
      {
        "type": "Basic Auth Credentials",
        "filename": "agents/specialists/devops_agent.py",
        "hashed_secret": "206c80413b9a96c1312cc346b7d2517b84463edd",
        "is_verified": false,
        "line_number": 907
      }
    ],
    "agents/specialists/qa_agent.py": [
      {
        "type": "Secret Keyword",
        "filename": "agents/specialists/qa_agent.py",
        "hashed_secret": "206c80413b9a96c1312cc346b7d2517b84463edd",
        "is_verified": false,
        "line_number": 636
      }
    ],
    "core/messaging/queue.py": [
      {
        "type": "Basic Auth Credentials",
        "filename": "core/messaging/queue.py",
        "hashed_secret": "21672328ab5c939c8a4324d118b264d9f34b0439",
        "is_verified": false,
        "line_number": 84
      }
    ],
    "demo_multi_agent_todo.py": [
      {
        "type": "Secret Keyword",
        "filename": "demo_multi_agent_todo.py",
        "hashed_secret": "a8bee6dd2bbf5bf8303b391c191e2cf38515f4a8",
        "is_verified": false,
        "line_number": 135
      }
    ],
    "enhanced_mock_provider.py": [
      {
        "type": "Secret Keyword",
        "filename": "enhanced_mock_provider.py",
        "hashed_secret": "d4e0e04792fd434b5dc9c4155c178f66edcf4ed3",
        "is_verified": false,
        "line_number": 397
      },
      {
        "type": "Secret Keyword",
        "filename": "enhanced_mock_provider.py",
        "hashed_secret": "120ab46c880a89f253f509686db2e0aded86e07e",
        "is_verified": false,
        "line_number": 419
      },
      {
        "type": "Secret Keyword",
        "filename": "enhanced_mock_provider.py",
        "hashed_secret": "b1e756dd5dc22b5790578e54002ea28373d1674c",
        "is_verified": false,
        "line_number": 451
      },
      {
        "type": "Secret Keyword",
        "filename": "enhanced_mock_provider.py",
        "hashed_secret": "d8ecf7db8fc9ec9c31bc5c9ae2929cc599c75f8d",
        "is_verified": false,
        "line_number": 462
      },
      {
        "type": "Secret Keyword",
        "filename": "enhanced_mock_provider.py",
        "hashed_secret": "5baa61e4c9b93f3f0682250b6cf8331b7ee68fd8",
        "is_verified": false,
        "line_number": 474
      },
      {
        "type": "Secret Keyword",
        "filename": "enhanced_mock_provider.py",
        "hashed_secret": "061f09af082de4789ce3ebaa9a4067096c879e82",
        "is_verified": false,
        "line_number": 524
      },
      {
        "type": "Secret Keyword",
        "filename": "enhanced_mock_provider.py",
        "hashed_secret": "1816851d10187b57a93235b52495e615629f906d",
        "is_verified": false,
        "line_number": 534
      },
      {
        "type": "Secret Keyword",
        "filename": "enhanced_mock_provider.py",
        "hashed_secret": "6c56a9249cba324d029f725f1f7c0e47184e2dcf",
        "is_verified": false,
        "line_number": 1135
      },
      {
        "type": "Secret Keyword",
        "filename": "enhanced_mock_provider.py",
        "hashed_secret": "3e7d56a95804ff3c322b97a7e7cdba25dc920957",
        "is_verified": false,
        "line_number": 1137
      }
    ]
  },
  "generated_at": "2025-06-02T05:49:17Z"
}
